<html>
<body>
<pre>
<h1>µVision Build Log</h1>
<h2>Tool Versions:</h2>
IDE-Version: µVision V5.38.0.0
Copyright (C) 2022 ARM Ltd and ARM Germany GmbH. All rights reserved.
License Information: v c, myhome, LIC=----
 
Tool Versions:
Toolchain:       MDK-Lite  Version: 5.38.0.0
Toolchain Path:  C:\Keil_v5\ARM\ARM_Compiler_5.06u7\Bin
C Compiler:      Armcc.exe V5.06 update 7 (build 960)
Assembler:       Armasm.exe V5.06 update 7 (build 960)
Linker/Locator:  ArmLink.exe V5.06 update 7 (build 960)
Library Manager: ArmAr.exe V5.06 update 7 (build 960)
Hex Converter:   FromElf.exe V5.06 update 7 (build 960)
CPU DLL:         SARMCM3.DLL V5.38.0.0
Dialog DLL:      DARMP1.DLL V1.28.1.0
Target DLL:      UL2CM3.DLL V1.164.8.0
Dialog DLL:      TARMP1.DLL V1.27.1.0
 
<h2>Project:</h2>
C:\Users\vcata\Desktop\extrapoint2\sample.uvprojx
Project File Date:  01/27/2024

<h2>Output:</h2>
*** Using Compiler 'V5.06 update 7 (build 960)', folder: 'C:\Keil_v5\ARM\ARM_Compiler_5.06u7\Bin'
Rebuild target 'Target 1'
compiling AsciiLib.c...
assembling startup_LPC17xx.s...
compiling IRQ_RIT.c...
RIT\../GLCD/GLCD.h(72): warning:  #47-D: incompatible redefinition of macro "Yellow"  (declared at line 71)
  #define Yellow         0xFFE0
RIT\IRQ_RIT.c: 1 warning, 0 errors
compiling core_cm3.c...
compiling lib_button.c...
compiling IRQ_timer.c...
timer\../GLCD/GLCD.h(72): warning:  #47-D: incompatible redefinition of macro "Yellow"  (declared at line 71)
  #define Yellow         0xFFE0
timer\IRQ_timer.c(68): warning:  #223-D: function "sprintf" declared implicitly
    sprintf(int_str1, "%d", i);
timer\IRQ_timer.c(218): warning:  #1134-D: literal treated as "long long"
  		move=move&4293918719; //Setta a 0 il 21esmino bit, and con tutti 1 tranne il bit 21 a 0
timer\IRQ_timer.c: 3 warnings, 0 errors
compiling sample.c...
GLCD/GLCD.h(72): warning:  #47-D: incompatible redefinition of macro "Yellow"  (declared at line 71)
  #define Yellow         0xFFE0
sample.c: 1 warning, 0 errors
compiling IRQ_button.c...
compiling HzLib.c...
compiling funct_joystick3.c...
joystick\../GLCD/GLCD.h(72): warning:  #47-D: incompatible redefinition of macro "Yellow"  (declared at line 71)
  #define Yellow         0xFFE0
joystick\funct_joystick3.c: 1 warning, 0 errors
compiling lib_RIT.c...
compiling lib_timer.c...
compiling lib_joystick.c...
compiling system_LPC17xx.c...
compiling IRQ_CAN.c...
CAN\../GLCD/GLCD.h(72): warning:  #47-D: incompatible redefinition of macro "Yellow"  (declared at line 71)
  #define Yellow         0xFFE0
CAN\IRQ_CAN.c: 1 warning, 0 errors
compiling lib_CAN.c...
CAN\../GLCD/GLCD.h(72): warning:  #47-D: incompatible redefinition of macro "Yellow"  (declared at line 71)
  #define Yellow         0xFFE0
CAN\lib_CAN.c: 1 warning, 0 errors
compiling funct_joystick.c...
joystick\../GLCD/GLCD.h(72): warning:  #47-D: incompatible redefinition of macro "Yellow"  (declared at line 71)
  #define Yellow         0xFFE0
joystick\funct_joystick.c(1433): warning:  #223-D: function "sprintf" declared implicitly
  		sprintf(int_str1, "%d", n_walls_P1);
joystick\funct_joystick.c(1438): warning:  #223-D: function "sprintf" declared implicitly
  		sprintf(int_str1, "%d", n_walls_P2);
joystick\funct_joystick.c: 3 warnings, 0 errors
compiling GLCD.c...
GLCD\GLCD.h(72): warning:  #47-D: incompatible redefinition of macro "Yellow"  (declared at line 71)
  #define Yellow         0xFFE0
GLCD\GLCD.c: 1 warning, 0 errors
linking...
Program Size: Code=30388 RO-data=1840 RW-data=148 ZI-data=1428  
".\sample.axf" - 0 Error(s), 12 Warning(s).

<h2>Software Packages used:</h2>

Package Vendor: ARM
                http://www.keil.com/pack/ARM.CMSIS.5.9.0.pack
                ARM.CMSIS.5.9.0
                CMSIS (Common Microcontroller Software Interface Standard)
   * Component: CORE Version: 5.6.0

Package Vendor: Keil
                http://www.keil.com/pack/Keil.LPC1700_DFP.2.7.1.pack
                Keil.LPC1700_DFP.2.7.1
                NXP LPC1700 Series Device Support, Drivers and Examples for MCB1700 and LPC1788-32

<h2>Collection of Component include folders:</h2>
  ./RTE/_Target_1
  C:/Users/vcata/AppData/Local/Arm/Packs/ARM/CMSIS/5.9.0/CMSIS/Core/Include
  C:/Users/vcata/AppData/Local/Arm/Packs/Keil/LPC1700_DFP/2.7.1/Device/Include

<h2>Collection of Component Files used:</h2>

   * Component: ARM::CMSIS:CORE:5.6.0
Build Time Elapsed:  00:00:01
</pre>
</body>
</html>
